<!DOCTYPE html>
<html lang="en">
  <head>
    <meta charset="UTF-8">
<title>Document</title>
  </head>
  <body>
    
  HELLO!

  <ul id="products">
  
    <li>
      <h2>Wonderflonium</h2>
      Only $9.99

      Great for building freeze rays!
    </li>
  
</ul>

    <script src="script.js"></script>
  </body>
</html>