<ul id="products">
  
    <li>
      <h2>Wonderflonium</h2>
      Only $9.99

      Great for building freeze rays!
    </li>
  
</ul>